<?xml version="1.0" encoding="utf-8"?><testsuites name="pytest tests"><testsuite name="pytest" errors="0" failures="0" skipped="0" tests="1" time="0.014" timestamp="2026-01-20T22:49:22.326899-06:00" hostname="Rafis-MacBook-Pro-3.local"><testcase classname="test_app" name="test_add" time="0.000" /></testsuite></testsuites>